0 verbose cli C:\nvm4w\nodejs\node.exe C:\nvm4w\nodejs\node_modules\npm\bin\npm-cli.js
1 info using npm@10.9.4
2 info using node@v22.22.0
3 silly config load:file:C:\Users\z\AppData\Local\nvm\v22.22.0\node_modules\npm\npmrc
4 silly config load:file:C:\Users\z\Downloads\sci-chat\.npmrc
5 silly config load:file:C:\Users\z\.npmrc
6 silly config load:file:C:\Users\z\AppData\Roaming\npm\etc\npmrc
7 verbose title npm install
8 verbose argv "install"
9 verbose logfile logs-max:10 dir:C:\Users\z\Downloads\sci-chat\你的路径\node_cache\_logs\2026-02-10T07_15_28_286Z-
10 verbose logfile C:\Users\z\Downloads\sci-chat\你的路径\node_cache\_logs\2026-02-10T07_15_28_286Z-debug-0.log
11 silly logfile done cleaning log files
12 silly packumentCache heap:4345298944 maxSize:1086324736 maxEntrySize:543162368
13 silly idealTree buildDeps
14 silly reify moves {}
15 verbose stack Error: Could not read package.json: Error: ENOENT: no such file or directory, open 'C:\Users\z\Downloads\sci-chat\package.json'
15 verbose stack     at async open (node:internal/fs/promises:636:25)
15 verbose stack     at async readFile (node:internal/fs/promises:1235:14)
15 verbose stack     at async read (C:\Users\z\AppData\Local\nvm\v22.22.0\node_modules\npm\node_modules\@npmcli\package-json\lib\read-package.js:9:18)
15 verbose stack     at async PackageJson.load (C:\Users\z\AppData\Local\nvm\v22.22.0\node_modules\npm\node_modules\@npmcli\package-json\lib\index.js:132:31)
15 verbose stack     at async PackageJson.normalize (C:\Users\z\AppData\Local\nvm\v22.22.0\node_modules\npm\node_modules\@npmcli\package-json\lib\index.js:118:5)
15 verbose stack     at async runScript (C:\Users\z\AppData\Local\nvm\v22.22.0\node_modules\npm\node_modules\@npmcli\run-script\lib\run-script.js:11:28)
15 verbose stack     at async Install.exec (C:\Users\z\AppData\Local\nvm\v22.22.0\node_modules\npm\lib\commands\install.js:163:9)
15 verbose stack     at async Npm.exec (C:\Users\z\AppData\Local\nvm\v22.22.0\node_modules\npm\lib\npm.js:207:9)
15 verbose stack     at async module.exports (C:\Users\z\AppData\Local\nvm\v22.22.0\node_modules\npm\lib\cli\entry.js:74:5)
16 error code ENOENT
17 error syscall open
18 error path C:\Users\z\Downloads\sci-chat\package.json
19 error errno -4058
20 error enoent Could not read package.json: Error: ENOENT: no such file or directory, open 'C:\Users\z\Downloads\sci-chat\package.json'
21 error enoent This is related to npm not being able to find a file.
21 error enoent
22 verbose cwd C:\Users\z\Downloads\sci-chat
23 verbose os Windows_NT 10.0.26200
24 verbose node v22.22.0
25 verbose npm  v10.9.4
26 verbose exit -4058
27 verbose code -4058
28 error A complete log of this run can be found in: C:\Users\z\Downloads\sci-chat\你的路径\node_cache\_logs\2026-02-10T07_15_28_286Z-debug-0.log
